---
source: pygmentsrs/tests/snapshot.rs
assertion_line: 26
expression: toks
---
[
    (
        "Token.Keyword",
        "def",
    ),
    (
        "Token.Text.Whitespace",
        " ",
    ),
    (
        "Token.Name.Function",
        "f",
    ),
    (
        "Token.Punctuation",
        "():",
    ),
    (
        "Token.Text.Whitespace",
        "\n",
    ),
    (
        "Token.Text",
        "    ",
    ),
    (
        "Token.Keyword",
        "return",
    ),
    (
        "Token.Text",
        " ",
    ),
    (
        "Token.Literal.Number.Integer",
        "1",
    ),
    (
        "Token.Text.Whitespace",
        "\n",
    ),
]
