---
source: src/sphinxdocrs/tests/otherdocs.rs
expression: rs_tree.clone()
---
- ".buildinfo"
- _sources
- _sources/api.rst.txt
- _sources/changes.rst.txt
- _sources/extensions.rst.txt
- _sources/faq.rst.txt
- _sources/index.rst.txt
- _sources/integration.rst.txt
- _sources/intro.rst.txt
- _sources/license.rst.txt
- _sources/nativetypes.rst.txt
- _sources/sandbox.rst.txt
- _sources/switching.rst.txt
- _sources/templates.rst.txt
- _sources/tricks.rst.txt
- _static
- _static/base-stemmer.js
- _static/basic.css
- _static/english-stemmer.js
- _static/jinja-icon.svg
- _static/jinja-logo.svg
- _static/jinja-name.svg
- _static/pygments.css
- _static/sphinxdocrs.css
- api.html
- changes.html
- extensions.html
- faq.html
- genindex.html
- index.html
- integration.html
- intro.html
- license.html
- nativetypes.html
- objects.inv
- sandbox.html
- search.html
- searchindex.js
- switching.html
- templates.html
- tricks.html
