---
source: src/sphinxdocrs/tests/otherdocs.rs
expression: rs_tree.clone()
---
- _static
- _static/sphinxdocrs.css
- authors.html
- changes
- changes/0.html
- changes/1.html
- changes/2.html
- changes/3.html
- changes/4.html
- changes/5.html
- changes/6.html
- changes/7.html
- changes/8.html
- changes/9.html
- changes/index.html
- development
- development/howtos
- development/howtos/builders.html
- development/howtos/index.html
- development/howtos/setup_extension.html
- development/html_themes
- development/html_themes/index.html
- development/html_themes/templating.html
- development/index.html
- development/tutorials
- development/tutorials/adding_domain.html
- development/tutorials/autodoc_ext.html
- development/tutorials/examples
- development/tutorials/examples/README.html
- development/tutorials/extending_build.html
- development/tutorials/extending_syntax.html
- development/tutorials/index.html
- examples.html
- extdev
- extdev/appapi.html
- extdev/builderapi.html
- extdev/collectorapi.html
- extdev/deprecated.html
- extdev/domainapi.html
- extdev/envapi.html
- extdev/event_callbacks.html
- extdev/eventapi.html
- extdev/i18n.html
- extdev/index.html
- extdev/logging.html
- extdev/markupapi.html
- extdev/nodes.html
- extdev/parserapi.html
- extdev/projectapi.html
- extdev/testing.html
- extdev/utils.html
- faq.html
- genindex.html
- glossary.html
- index.html
- internals
- internals/ai-policy.html
- internals/code-of-conduct.html
- internals/contributing.html
- internals/index.html
- internals/organization.html
- internals/release-process.html
- latex.html
- man
- man/index.html
- man/sphinx-apidoc.html
- man/sphinx-autogen.html
- man/sphinx-build.html
- man/sphinx-quickstart.html
- objects.inv
- support.html
- tutorial
- tutorial/automatic-doc-generation.html
- tutorial/deploying.html
- tutorial/describing-code.html
- tutorial/end.html
- tutorial/first-steps.html
- tutorial/getting-started.html
- tutorial/index.html
- tutorial/more-sphinx-customization.html
- tutorial/narrative-documentation.html
- usage
- usage/advanced
- usage/advanced/intl.html
- usage/advanced/websupport
- usage/advanced/websupport/api.html
- usage/advanced/websupport/index.html
- usage/advanced/websupport/quickstart.html
- usage/advanced/websupport/searchadapters.html
- usage/advanced/websupport/storagebackends.html
- usage/builders
- usage/builders/index.html
- usage/configuration.html
- usage/domains
- usage/domains/c.html
- usage/domains/cpp.html
- usage/domains/index.html
- usage/domains/javascript.html
- usage/domains/mathematics.html
- usage/domains/python.html
- usage/domains/restructuredtext.html
- usage/domains/standard.html
- usage/extensions
- usage/extensions/apidoc.html
- usage/extensions/autodoc.html
- usage/extensions/autosectionlabel.html
- usage/extensions/autosummary.html
- usage/extensions/coverage.html
- usage/extensions/doctest.html
- usage/extensions/duration.html
- usage/extensions/example_google.html
- usage/extensions/example_numpy.html
- usage/extensions/extlinks.html
- usage/extensions/githubpages.html
- usage/extensions/graphviz.html
- usage/extensions/ifconfig.html
- usage/extensions/imgconverter.html
- usage/extensions/index.html
- usage/extensions/inheritance.html
- usage/extensions/intersphinx.html
- usage/extensions/linkcode.html
- usage/extensions/math.html
- usage/extensions/napoleon.html
- usage/extensions/todo.html
- usage/extensions/viewcode.html
- usage/index.html
- usage/installation.html
- usage/markdown.html
- usage/quickstart.html
- usage/referencing.html
- usage/restructuredtext
- usage/restructuredtext/basics.html
- usage/restructuredtext/directives.html
- usage/restructuredtext/domains.html
- usage/restructuredtext/field-lists.html
- usage/restructuredtext/index.html
- usage/restructuredtext/roles.html
- usage/theming.html
