---
source: src/sphinxdocrs/tests/parity.rs
expression: normalised
---
- "sphinxdocrs: running SphinxApp::new"
- "Build succeeded: <N> file(s) written."
- "WARNING: development/tutorials/examples/README: document isn't included in any toctree"
- "WARNING: usage/extensions/example_google: document isn't included in any toctree"
- "WARNING: usage/extensions/example_numpy: document isn't included in any toctree"
