---
source: src/sphinxdocrs/tests/parity.rs
expression: normalised
---
- "sphinxdocrs: running SphinxApp::new"
- "sphinxdocrs: intersphinx: fetching https://docs.python.org/3/objects.inv"
- "sphinxdocrs: intersphinx: fetching https://docs.readthedocs.io/en/stable/objects.inv"
- "sphinxdocrs: intersphinx: fetching https://requests.readthedocs.io/en/latest/objects.inv"
- "Build succeeded: <N> file(s) written."
